// Jest Snapshot v1, https://goo.gl/fbAQLP

exports[`EcoSquadStack Snapshot should match the snapshot 1`] = `
{
  "Outputs": {
    "ApiLambdaArn": {
      "Description": "API Lambda ARN",
      "Export": {
        "Name": "eco-squad-api-lambda-arn-dev",
      },
      "Value": {
        "Fn::GetAtt": [
          "ApiLambda91D2282D",
          "Arn",
        ],
      },
    },
    "BucketArn": {
      "Description": "S3 Evidence Bucket ARN",
      "Export": {
        "Name": "eco-squad-bucket-arn-dev",
      },
      "Value": {
        "Fn::GetAtt": [
          "EvidenceBucketFBA44255",
          "Arn",
        ],
      },
    },
    "BucketName": {
      "Description": "S3 Evidence Bucket Name",
      "Export": {
        "Name": "eco-squad-bucket-name-dev",
      },
      "Value": {
        "Ref": "EvidenceBucketFBA44255",
      },
    },
    "Region": {
      "Description": "AWS Region",
      "Export": {
        "Name": "eco-squad-region-dev",
      },
      "Value": "eu-west-1",
    },
    "TableArn": {
      "Description": "DynamoDB Table ARN",
      "Export": {
        "Name": "eco-squad-table-arn-dev",
      },
      "Value": {
        "Fn::GetAtt": [
          "EcoSquadTable6400F9FA",
          "Arn",
        ],
      },
    },
    "TableName": {
      "Description": "DynamoDB Table Name",
      "Export": {
        "Name": "eco-squad-table-name-dev",
      },
      "Value": {
        "Ref": "EcoSquadTable6400F9FA",
      },
    },
    "UserPoolClientId": {
      "Description": "Cognito User Pool Client ID",
      "Export": {
        "Name": "eco-squad-user-pool-client-id-dev",
      },
      "Value": {
        "Ref": "EcoSquadWebClientA0A266BC",
      },
    },
    "UserPoolId": {
      "Description": "Cognito User Pool ID",
      "Export": {
        "Name": "eco-squad-user-pool-id-dev",
      },
      "Value": {
        "Ref": "EcoSquadUserPoolFE364FE6",
      },
    },
    "VerificationLambdaArn": {
      "Description": "Verification Lambda ARN",
      "Export": {
        "Name": "eco-squad-verification-lambda-arn-dev",
      },
      "Value": {
        "Fn::GetAtt": [
          "VerificationLambda8BE626D9",
          "Arn",
        ],
      },
    },
  },
  "Parameters": {
    "BootstrapVersion": {
      "Default": "/cdk-bootstrap/hnb659fds/version",
      "Description": "Version of the CDK Bootstrap resources in this environment, automatically retrieved from SSM Parameter Store. [cdk:skip]",
      "Type": "AWS::SSM::Parameter::Value<String>",
    },
  },
  "Resources": {
    "AdminsGroup": {
      "Properties": {
        "Description": "Platform administrators with full access",
        "GroupName": "Admins",
        "Precedence": 1,
        "UserPoolId": {
          "Ref": "EcoSquadUserPoolFE364FE6",
        },
      },
      "Type": "AWS::Cognito::UserPoolGroup",
    },
    "ApiLambda91D2282D": {
      "DependsOn": [
        "ApiLambdaServiceRoleDefaultPolicyF1B57697",
        "ApiLambdaServiceRole1CC7D0F3",
      ],
      "Properties": {
        "Code": {
          "ZipFile": "
        exports.handler = async (event) => {
          return {
            statusCode: 200,
            body: JSON.stringify({ message: 'API placeholder - replace with actual Next.js build' }),
          };
        };
      ",
        },
        "Environment": {
          "Variables": {
            "AWS_NODEJS_CONNECTION_REUSE_ENABLED": "1",
            "BUCKET_NAME": {
              "Ref": "EvidenceBucketFBA44255",
            },
            "ENVIRONMENT": "dev",
            "TABLE_NAME": {
              "Ref": "EcoSquadTable6400F9FA",
            },
            "USER_POOL_CLIENT_ID": {
              "Ref": "EcoSquadWebClientA0A266BC",
            },
            "USER_POOL_ID": {
              "Ref": "EcoSquadUserPoolFE364FE6",
            },
          },
        },
        "FunctionName": "eco-squad-api-dev",
        "Handler": "index.handler",
        "LoggingConfig": {
          "LogGroup": {
            "Ref": "ApiLambdaLogs97F9C7FC",
          },
        },
        "MemorySize": 1024,
        "Role": {
          "Fn::GetAtt": [
            "ApiLambdaServiceRole1CC7D0F3",
            "Arn",
          ],
        },
        "Runtime": "nodejs20.x",
        "Tags": [
          {
            "Key": "Application",
            "Value": "eco-squad",
          },
          {
            "Key": "Environment",
            "Value": "dev",
          },
          {
            "Key": "ManagedBy",
            "Value": "CDK",
          },
          {
            "Key": "Project",
            "Value": "EcoSquad",
          },
        ],
        "Timeout": 10,
        "TracingConfig": {
          "Mode": "Active",
        },
      },
      "Type": "AWS::Lambda::Function",
    },
    "ApiLambdaLogs97F9C7FC": {
      "DeletionPolicy": "Retain",
      "Properties": {
        "LogGroupName": "/aws/lambda/eco-squad-api-dev",
        "RetentionInDays": 7,
        "Tags": [
          {
            "Key": "Application",
            "Value": "eco-squad",
          },
          {
            "Key": "Environment",
            "Value": "dev",
          },
          {
            "Key": "ManagedBy",
            "Value": "CDK",
          },
          {
            "Key": "Project",
            "Value": "EcoSquad",
          },
        ],
      },
      "Type": "AWS::Logs::LogGroup",
      "UpdateReplacePolicy": "Retain",
    },
    "ApiLambdaServiceRole1CC7D0F3": {
      "Properties": {
        "AssumeRolePolicyDocument": {
          "Statement": [
            {
              "Action": "sts:AssumeRole",
              "Effect": "Allow",
              "Principal": {
                "Service": "lambda.amazonaws.com",
              },
            },
          ],
          "Version": "2012-10-17",
        },
        "ManagedPolicyArns": [
          {
            "Fn::Join": [
              "",
              [
                "arn:",
                {
                  "Ref": "AWS::Partition",
                },
                ":iam::aws:policy/service-role/AWSLambdaBasicExecutionRole",
              ],
            ],
          },
        ],
        "Tags": [
          {
            "Key": "Application",
            "Value": "eco-squad",
          },
          {
            "Key": "Environment",
            "Value": "dev",
          },
          {
            "Key": "ManagedBy",
            "Value": "CDK",
          },
          {
            "Key": "Project",
            "Value": "EcoSquad",
          },
        ],
      },
      "Type": "AWS::IAM::Role",
    },
    "ApiLambdaServiceRoleDefaultPolicyF1B57697": {
      "Properties": {
        "PolicyDocument": {
          "Statement": [
            {
              "Action": [
                "xray:PutTraceSegments",
                "xray:PutTelemetryRecords",
              ],
              "Effect": "Allow",
              "Resource": "*",
            },
            {
              "Action": [
                "dynamodb:BatchGetItem",
                "dynamodb:Query",
                "dynamodb:GetItem",
                "dynamodb:Scan",
                "dynamodb:ConditionCheckItem",
                "dynamodb:BatchWriteItem",
                "dynamodb:PutItem",
                "dynamodb:UpdateItem",
                "dynamodb:DeleteItem",
                "dynamodb:DescribeTable",
              ],
              "Effect": "Allow",
              "Resource": [
                {
                  "Fn::GetAtt": [
                    "EcoSquadTable6400F9FA",
                    "Arn",
                  ],
                },
                {
                  "Fn::Join": [
                    "",
                    [
                      {
                        "Fn::GetAtt": [
                          "EcoSquadTable6400F9FA",
                          "Arn",
                        ],
                      },
                      "/index/*",
                    ],
                  ],
                },
              ],
            },
            {
              "Action": [
                "dynamodb:GetRecords",
                "dynamodb:GetShardIterator",
              ],
              "Effect": "Allow",
              "Resource": [
                {
                  "Fn::GetAtt": [
                    "EcoSquadTable6400F9FA",
                    "Arn",
                  ],
                },
                {
                  "Fn::Join": [
                    "",
                    [
                      {
                        "Fn::GetAtt": [
                          "EcoSquadTable6400F9FA",
                          "Arn",
                        ],
                      },
                      "/index/*",
                    ],
                  ],
                },
              ],
            },
            {
              "Action": [
                "s3:GetObject*",
                "s3:GetBucket*",
                "s3:List*",
                "s3:DeleteObject*",
                "s3:PutObject",
                "s3:PutObjectLegalHold",
                "s3:PutObjectRetention",
                "s3:PutObjectTagging",
                "s3:PutObjectVersionTagging",
                "s3:Abort*",
              ],
              "Effect": "Allow",
              "Resource": [
                {
                  "Fn::GetAtt": [
                    "EvidenceBucketFBA44255",
                    "Arn",
                  ],
                },
                {
                  "Fn::Join": [
                    "",
                    [
                      {
                        "Fn::GetAtt": [
                          "EvidenceBucketFBA44255",
                          "Arn",
                        ],
                      },
                      "/*",
                    ],
                  ],
                },
              ],
            },
          ],
          "Version": "2012-10-17",
        },
        "PolicyName": "ApiLambdaServiceRoleDefaultPolicyF1B57697",
        "Roles": [
          {
            "Ref": "ApiLambdaServiceRole1CC7D0F3",
          },
        ],
      },
      "Type": "AWS::IAM::Policy",
    },
    "BucketNotificationsHandler050a0587b7544547bf325f094a3db8347ECC3691": {
      "DependsOn": [
        "BucketNotificationsHandler050a0587b7544547bf325f094a3db834RoleDefaultPolicy2CF63D36",
        "BucketNotificationsHandler050a0587b7544547bf325f094a3db834RoleB6FB88EC",
      ],
      "Properties": {
        "Code": {
          "ZipFile": "import boto3  # type: ignore
import json
import logging
import urllib.request

s3 = boto3.client("s3")

EVENTBRIDGE_CONFIGURATION = 'EventBridgeConfiguration'
CONFIGURATION_TYPES = ["TopicConfigurations", "QueueConfigurations", "LambdaFunctionConfigurations"]

def handler(event: dict, context):
  response_status = "SUCCESS"
  error_message = ""
  try:
    props = event["ResourceProperties"]
    notification_configuration = props["NotificationConfiguration"]
    managed = props.get('Managed', 'true').lower() == 'true'
    skipDestinationValidation = props.get('SkipDestinationValidation', 'false').lower() == 'true'
    stack_id = event['StackId']
    old = event.get("OldResourceProperties", {}).get("NotificationConfiguration", {})
    if managed:
      config = handle_managed(event["RequestType"], notification_configuration)
    else:
      config = handle_unmanaged(props["BucketName"], stack_id, event["RequestType"], notification_configuration, old)
    s3.put_bucket_notification_configuration(Bucket=props["BucketName"], NotificationConfiguration=config, SkipDestinationValidation=skipDestinationValidation)
  except Exception as e:
    logging.exception("Failed to put bucket notification configuration")
    response_status = "FAILED"
    error_message = f"Error: {str(e)}. "
  finally:
    submit_response(event, context, response_status, error_message)

def handle_managed(request_type, notification_configuration):
  if request_type == 'Delete':
    return {}
  return notification_configuration

def handle_unmanaged(bucket, stack_id, request_type, notification_configuration, old):
  def get_id(n):
    n['Id'] = ''
    sorted_notifications = sort_filter_rules(n)
    strToHash=json.dumps(sorted_notifications, sort_keys=True).replace('"Name": "prefix"', '"Name": "Prefix"').replace('"Name": "suffix"', '"Name": "Suffix"')
    return f"{stack_id}-{hash(strToHash)}"
  def with_id(n):
    n['Id'] = get_id(n)
    return n

  external_notifications = {}
  existing_notifications = s3.get_bucket_notification_configuration(Bucket=bucket)
  for t in CONFIGURATION_TYPES:
    if request_type == 'Update':
        old_incoming_ids = [get_id(n) for n in old.get(t, [])]
        external_notifications[t] = [n for n in existing_notifications.get(t, []) if not get_id(n) in old_incoming_ids]      
    elif request_type == 'Delete':
        external_notifications[t] = [n for n in existing_notifications.get(t, []) if not n['Id'].startswith(f"{stack_id}-")]
    elif request_type == 'Create':
        external_notifications[t] = [n for n in existing_notifications.get(t, [])]
  if EVENTBRIDGE_CONFIGURATION in existing_notifications:
    external_notifications[EVENTBRIDGE_CONFIGURATION] = existing_notifications[EVENTBRIDGE_CONFIGURATION]

  if request_type == 'Delete':
    return external_notifications

  notifications = {}
  for t in CONFIGURATION_TYPES:
    external = external_notifications.get(t, [])
    incoming = [with_id(n) for n in notification_configuration.get(t, [])]
    notifications[t] = external + incoming

  if EVENTBRIDGE_CONFIGURATION in notification_configuration:
    notifications[EVENTBRIDGE_CONFIGURATION] = notification_configuration[EVENTBRIDGE_CONFIGURATION]
  elif EVENTBRIDGE_CONFIGURATION in external_notifications:
    notifications[EVENTBRIDGE_CONFIGURATION] = external_notifications[EVENTBRIDGE_CONFIGURATION]

  return notifications

def submit_response(event: dict, context, response_status: str, error_message: str):
  response_body = json.dumps(
    {
      "Status": response_status,
      "Reason": f"{error_message}See the details in CloudWatch Log Stream: {context.log_stream_name}",
      "PhysicalResourceId": event.get("PhysicalResourceId") or event["LogicalResourceId"],
      "StackId": event["StackId"],
      "RequestId": event["RequestId"],
      "LogicalResourceId": event["LogicalResourceId"],
      "NoEcho": False,
    }
  ).encode("utf-8")
  headers = {"content-type": "", "content-length": str(len(response_body))}
  try:
    req = urllib.request.Request(url=event["ResponseURL"], headers=headers, data=response_body, method="PUT")
    with urllib.request.urlopen(req) as response:
      print(response.read().decode("utf-8"))
    print("Status code: " + response.reason)
  except Exception as e:
      print("send(..) failed executing request.urlopen(..): " + str(e))

def sort_filter_rules(json_obj):
  if not isinstance(json_obj, dict):
      return json_obj
  for key, value in json_obj.items():
      if isinstance(value, dict):
          json_obj[key] = sort_filter_rules(value)
      elif isinstance(value, list):
          json_obj[key] = [sort_filter_rules(item) for item in value]
  if "Filter" in json_obj and "Key" in json_obj["Filter"] and "FilterRules" in json_obj["Filter"]["Key"]:
      filter_rules = json_obj["Filter"]["Key"]["FilterRules"]
      sorted_filter_rules = sorted(filter_rules, key=lambda x: x["Name"])
      json_obj["Filter"]["Key"]["FilterRules"] = sorted_filter_rules
  return json_obj",
        },
        "Description": "AWS CloudFormation handler for "Custom::S3BucketNotifications" resources (@aws-cdk/aws-s3)",
        "Handler": "index.handler",
        "Role": {
          "Fn::GetAtt": [
            "BucketNotificationsHandler050a0587b7544547bf325f094a3db834RoleB6FB88EC",
            "Arn",
          ],
        },
        "Runtime": "python3.13",
        "Tags": [
          {
            "Key": "Application",
            "Value": "eco-squad",
          },
          {
            "Key": "Environment",
            "Value": "dev",
          },
          {
            "Key": "ManagedBy",
            "Value": "CDK",
          },
          {
            "Key": "Project",
            "Value": "EcoSquad",
          },
        ],
        "Timeout": 300,
      },
      "Type": "AWS::Lambda::Function",
    },
    "BucketNotificationsHandler050a0587b7544547bf325f094a3db834RoleB6FB88EC": {
      "Properties": {
        "AssumeRolePolicyDocument": {
          "Statement": [
            {
              "Action": "sts:AssumeRole",
              "Effect": "Allow",
              "Principal": {
                "Service": "lambda.amazonaws.com",
              },
            },
          ],
          "Version": "2012-10-17",
        },
        "ManagedPolicyArns": [
          {
            "Fn::Join": [
              "",
              [
                "arn:",
                {
                  "Ref": "AWS::Partition",
                },
                ":iam::aws:policy/service-role/AWSLambdaBasicExecutionRole",
              ],
            ],
          },
        ],
        "Tags": [
          {
            "Key": "Application",
            "Value": "eco-squad",
          },
          {
            "Key": "Environment",
            "Value": "dev",
          },
          {
            "Key": "ManagedBy",
            "Value": "CDK",
          },
          {
            "Key": "Project",
            "Value": "EcoSquad",
          },
        ],
      },
      "Type": "AWS::IAM::Role",
    },
    "BucketNotificationsHandler050a0587b7544547bf325f094a3db834RoleDefaultPolicy2CF63D36": {
      "Properties": {
        "PolicyDocument": {
          "Statement": [
            {
              "Action": "s3:PutBucketNotification",
              "Effect": "Allow",
              "Resource": {
                "Fn::GetAtt": [
                  "EvidenceBucketFBA44255",
                  "Arn",
                ],
              },
            },
          ],
          "Version": "2012-10-17",
        },
        "PolicyName": "BucketNotificationsHandler050a0587b7544547bf325f094a3db834RoleDefaultPolicy2CF63D36",
        "Roles": [
          {
            "Ref": "BucketNotificationsHandler050a0587b7544547bf325f094a3db834RoleB6FB88EC",
          },
        ],
      },
      "Type": "AWS::IAM::Policy",
    },
    "EcoSquadTable6400F9FA": {
      "DeletionPolicy": "Delete",
      "Properties": {
        "AttributeDefinitions": [
          {
            "AttributeName": "PK",
            "AttributeType": "S",
          },
          {
            "AttributeName": "SK",
            "AttributeType": "S",
          },
          {
            "AttributeName": "GSI1PK",
            "AttributeType": "S",
          },
          {
            "AttributeName": "GSI1SK",
            "AttributeType": "S",
          },
          {
            "AttributeName": "status",
            "AttributeType": "S",
          },
          {
            "AttributeName": "createdAt",
            "AttributeType": "S",
          },
        ],
        "BillingMode": "PAY_PER_REQUEST",
        "GlobalSecondaryIndexes": [
          {
            "IndexName": "GSI1",
            "KeySchema": [
              {
                "AttributeName": "GSI1PK",
                "KeyType": "HASH",
              },
              {
                "AttributeName": "GSI1SK",
                "KeyType": "RANGE",
              },
            ],
            "Projection": {
              "ProjectionType": "ALL",
            },
          },
          {
            "IndexName": "GSI2",
            "KeySchema": [
              {
                "AttributeName": "status",
                "KeyType": "HASH",
              },
              {
                "AttributeName": "createdAt",
                "KeyType": "RANGE",
              },
            ],
            "Projection": {
              "ProjectionType": "ALL",
            },
          },
        ],
        "KeySchema": [
          {
            "AttributeName": "PK",
            "KeyType": "HASH",
          },
          {
            "AttributeName": "SK",
            "KeyType": "RANGE",
          },
        ],
        "PointInTimeRecoverySpecification": {
          "PointInTimeRecoveryEnabled": true,
        },
        "TableName": "eco-squad-dev",
        "Tags": [
          {
            "Key": "Application",
            "Value": "eco-squad",
          },
          {
            "Key": "Environment",
            "Value": "dev",
          },
          {
            "Key": "ManagedBy",
            "Value": "CDK",
          },
          {
            "Key": "Project",
            "Value": "EcoSquad",
          },
        ],
        "TimeToLiveSpecification": {
          "AttributeName": "ttl",
          "Enabled": true,
        },
      },
      "Type": "AWS::DynamoDB::Table",
      "UpdateReplacePolicy": "Delete",
    },
    "EcoSquadUserPoolFE364FE6": {
      "DeletionPolicy": "Delete",
      "Properties": {
        "AccountRecoverySetting": {
          "RecoveryMechanisms": [
            {
              "Name": "verified_email",
              "Priority": 1,
            },
          ],
        },
        "AdminCreateUserConfig": {
          "AllowAdminCreateUserOnly": false,
        },
        "AutoVerifiedAttributes": [
          "email",
        ],
        "EmailVerificationMessage": "The verification code to your new account is {####}",
        "EmailVerificationSubject": "Verify your new account",
        "Policies": {
          "PasswordPolicy": {
            "MinimumLength": 8,
            "RequireLowercase": true,
            "RequireNumbers": true,
            "RequireSymbols": false,
            "RequireUppercase": true,
          },
        },
        "Schema": [
          {
            "AttributeDataType": "String",
            "Mutable": true,
            "Name": "role",
            "StringAttributeConstraints": {
              "MaxLength": "50",
              "MinLength": "1",
            },
          },
          {
            "AttributeDataType": "String",
            "Mutable": true,
            "Name": "organizationId",
            "StringAttributeConstraints": {
              "MaxLength": "100",
              "MinLength": "1",
            },
          },
        ],
        "SmsVerificationMessage": "The verification code to your new account is {####}",
        "UserPoolName": "eco-squad-dev",
        "UserPoolTags": {
          "Application": "eco-squad",
          "Environment": "dev",
          "ManagedBy": "CDK",
          "Project": "EcoSquad",
        },
        "UsernameAttributes": [
          "email",
        ],
        "VerificationMessageTemplate": {
          "DefaultEmailOption": "CONFIRM_WITH_CODE",
          "EmailMessage": "The verification code to your new account is {####}",
          "EmailSubject": "Verify your new account",
          "SmsMessage": "The verification code to your new account is {####}",
        },
      },
      "Type": "AWS::Cognito::UserPool",
      "UpdateReplacePolicy": "Delete",
    },
    "EcoSquadWebClientA0A266BC": {
      "Properties": {
        "AllowedOAuthFlows": [
          "implicit",
          "code",
        ],
        "AllowedOAuthFlowsUserPoolClient": true,
        "AllowedOAuthScopes": [
          "openid",
          "email",
          "profile",
        ],
        "CallbackURLs": [
          "http://localhost:3000/auth/callback",
          "https://eco-squad.app/auth/callback",
        ],
        "ClientName": "eco-squad-web-dev",
        "ExplicitAuthFlows": [
          "ALLOW_USER_PASSWORD_AUTH",
          "ALLOW_CUSTOM_AUTH",
          "ALLOW_USER_SRP_AUTH",
          "ALLOW_REFRESH_TOKEN_AUTH",
        ],
        "LogoutURLs": [
          "http://localhost:3000",
          "https://eco-squad.app",
        ],
        "PreventUserExistenceErrors": "ENABLED",
        "SupportedIdentityProviders": [
          "COGNITO",
        ],
        "UserPoolId": {
          "Ref": "EcoSquadUserPoolFE364FE6",
        },
      },
      "Type": "AWS::Cognito::UserPoolClient",
    },
    "EvidenceBucketAllowBucketNotificationsToTestStackVerificationLambda870C213B403C9300": {
      "Properties": {
        "Action": "lambda:InvokeFunction",
        "FunctionName": {
          "Fn::GetAtt": [
            "VerificationLambda8BE626D9",
            "Arn",
          ],
        },
        "Principal": "s3.amazonaws.com",
        "SourceAccount": "123456789012",
        "SourceArn": {
          "Fn::GetAtt": [
            "EvidenceBucketFBA44255",
            "Arn",
          ],
        },
      },
      "Type": "AWS::Lambda::Permission",
    },
    "EvidenceBucketFBA44255": {
      "DeletionPolicy": "Delete",
      "Properties": {
        "BucketEncryption": {
          "ServerSideEncryptionConfiguration": [
            {
              "ServerSideEncryptionByDefault": {
                "SSEAlgorithm": "AES256",
              },
            },
          ],
        },
        "BucketName": "eco-squad-evidence-123456789012-eu-west-1-dev",
        "CorsConfiguration": {
          "CorsRules": [
            {
              "AllowedHeaders": [
                "Authorization",
                "Content-Type",
                "x-amz-content-sha256",
                "x-amz-date",
              ],
              "AllowedMethods": [
                "GET",
                "PUT",
                "POST",
                "HEAD",
              ],
              "AllowedOrigins": [
                "http://localhost:3000",
                "https://eco-squad.app",
              ],
              "ExposedHeaders": [
                "ETag",
                "Content-Type",
              ],
              "MaxAge": 3000,
            },
          ],
        },
        "LifecycleConfiguration": {
          "Rules": [
            {
              "Status": "Enabled",
              "Transitions": [
                {
                  "StorageClass": "STANDARD_IA",
                  "TransitionInDays": 90,
                },
                {
                  "StorageClass": "GLACIER",
                  "TransitionInDays": 365,
                },
              ],
            },
          ],
        },
        "PublicAccessBlockConfiguration": {
          "BlockPublicAcls": true,
          "BlockPublicPolicy": true,
          "IgnorePublicAcls": true,
          "RestrictPublicBuckets": true,
        },
        "Tags": [
          {
            "Key": "Application",
            "Value": "eco-squad",
          },
          {
            "Key": "Environment",
            "Value": "dev",
          },
          {
            "Key": "ManagedBy",
            "Value": "CDK",
          },
          {
            "Key": "Project",
            "Value": "EcoSquad",
          },
        ],
        "VersioningConfiguration": {
          "Status": "Enabled",
        },
      },
      "Type": "AWS::S3::Bucket",
      "UpdateReplacePolicy": "Delete",
    },
    "EvidenceBucketNotificationsB28788FF": {
      "DependsOn": [
        "EvidenceBucketAllowBucketNotificationsToTestStackVerificationLambda870C213B403C9300",
      ],
      "Properties": {
        "BucketName": {
          "Ref": "EvidenceBucketFBA44255",
        },
        "Managed": true,
        "NotificationConfiguration": {
          "LambdaFunctionConfigurations": [
            {
              "Events": [
                "s3:ObjectCreated:*",
              ],
              "Filter": {
                "Key": {
                  "FilterRules": [
                    {
                      "Name": "prefix",
                      "Value": "evidence/",
                    },
                  ],
                },
              },
              "LambdaFunctionArn": {
                "Fn::GetAtt": [
                  "VerificationLambda8BE626D9",
                  "Arn",
                ],
              },
            },
          ],
        },
        "ServiceToken": {
          "Fn::GetAtt": [
            "BucketNotificationsHandler050a0587b7544547bf325f094a3db8347ECC3691",
            "Arn",
          ],
        },
        "SkipDestinationValidation": false,
      },
      "Type": "Custom::S3BucketNotifications",
    },
    "OrganizationsGroup": {
      "Properties": {
        "Description": "Environmental organizations that create missions",
        "GroupName": "Organizations",
        "Precedence": 2,
        "UserPoolId": {
          "Ref": "EcoSquadUserPoolFE364FE6",
        },
      },
      "Type": "AWS::Cognito::UserPoolGroup",
    },
    "VerificationErrorsAlarm961145C1": {
      "Properties": {
        "AlarmDescription": "Alarm when verification Lambda has errors",
        "AlarmName": "eco-squad-verification-errors-dev",
        "ComparisonOperator": "GreaterThanOrEqualToThreshold",
        "Dimensions": [
          {
            "Name": "FunctionName",
            "Value": {
              "Ref": "VerificationLambda8BE626D9",
            },
          },
        ],
        "EvaluationPeriods": 1,
        "MetricName": "Errors",
        "Namespace": "AWS/Lambda",
        "Period": 300,
        "Statistic": "Sum",
        "Tags": [
          {
            "Key": "Application",
            "Value": "eco-squad",
          },
          {
            "Key": "Environment",
            "Value": "dev",
          },
          {
            "Key": "ManagedBy",
            "Value": "CDK",
          },
          {
            "Key": "Project",
            "Value": "EcoSquad",
          },
        ],
        "Threshold": 5,
        "TreatMissingData": "notBreaching",
      },
      "Type": "AWS::CloudWatch::Alarm",
    },
    "VerificationLambda8BE626D9": {
      "DependsOn": [
        "VerificationLambdaServiceRoleDefaultPolicy75CCA45E",
        "VerificationLambdaServiceRole17A50F68",
      ],
      "Properties": {
        "Code": {
          "S3Bucket": "cdk-hnb659fds-assets-123456789012-eu-west-1",
          "S3Key": "f742868c81a306170fff3390b3a5daadbb46d6691a1fc0ca56a575cd4a2c7ec8.zip",
        },
        "Environment": {
          "Variables": {
            "AWS_NODEJS_CONNECTION_REUSE_ENABLED": "1",
            "BUCKET_NAME": {
              "Ref": "EvidenceBucketFBA44255",
            },
            "ENVIRONMENT": "dev",
            "REKOGNITION_MIN_CONFIDENCE": "70",
            "TABLE_NAME": {
              "Ref": "EcoSquadTable6400F9FA",
            },
          },
        },
        "FunctionName": "eco-squad-verification-dev",
        "Handler": "index.handler",
        "LoggingConfig": {
          "LogGroup": {
            "Ref": "VerificationLambdaLogs6939959E",
          },
        },
        "MemorySize": 512,
        "Role": {
          "Fn::GetAtt": [
            "VerificationLambdaServiceRole17A50F68",
            "Arn",
          ],
        },
        "Runtime": "nodejs20.x",
        "Tags": [
          {
            "Key": "Application",
            "Value": "eco-squad",
          },
          {
            "Key": "Environment",
            "Value": "dev",
          },
          {
            "Key": "ManagedBy",
            "Value": "CDK",
          },
          {
            "Key": "Project",
            "Value": "EcoSquad",
          },
        ],
        "Timeout": 30,
        "TracingConfig": {
          "Mode": "Active",
        },
      },
      "Type": "AWS::Lambda::Function",
    },
    "VerificationLambdaLogs6939959E": {
      "DeletionPolicy": "Retain",
      "Properties": {
        "LogGroupName": "/aws/lambda/eco-squad-verification-dev",
        "RetentionInDays": 7,
        "Tags": [
          {
            "Key": "Application",
            "Value": "eco-squad",
          },
          {
            "Key": "Environment",
            "Value": "dev",
          },
          {
            "Key": "ManagedBy",
            "Value": "CDK",
          },
          {
            "Key": "Project",
            "Value": "EcoSquad",
          },
        ],
      },
      "Type": "AWS::Logs::LogGroup",
      "UpdateReplacePolicy": "Retain",
    },
    "VerificationLambdaServiceRole17A50F68": {
      "Properties": {
        "AssumeRolePolicyDocument": {
          "Statement": [
            {
              "Action": "sts:AssumeRole",
              "Effect": "Allow",
              "Principal": {
                "Service": "lambda.amazonaws.com",
              },
            },
          ],
          "Version": "2012-10-17",
        },
        "ManagedPolicyArns": [
          {
            "Fn::Join": [
              "",
              [
                "arn:",
                {
                  "Ref": "AWS::Partition",
                },
                ":iam::aws:policy/service-role/AWSLambdaBasicExecutionRole",
              ],
            ],
          },
        ],
        "Tags": [
          {
            "Key": "Application",
            "Value": "eco-squad",
          },
          {
            "Key": "Environment",
            "Value": "dev",
          },
          {
            "Key": "ManagedBy",
            "Value": "CDK",
          },
          {
            "Key": "Project",
            "Value": "EcoSquad",
          },
        ],
      },
      "Type": "AWS::IAM::Role",
    },
    "VerificationLambdaServiceRoleDefaultPolicy75CCA45E": {
      "Properties": {
        "PolicyDocument": {
          "Statement": [
            {
              "Action": [
                "xray:PutTraceSegments",
                "xray:PutTelemetryRecords",
              ],
              "Effect": "Allow",
              "Resource": "*",
            },
            {
              "Action": [
                "dynamodb:BatchGetItem",
                "dynamodb:Query",
                "dynamodb:GetItem",
                "dynamodb:Scan",
                "dynamodb:ConditionCheckItem",
                "dynamodb:BatchWriteItem",
                "dynamodb:PutItem",
                "dynamodb:UpdateItem",
                "dynamodb:DeleteItem",
                "dynamodb:DescribeTable",
              ],
              "Effect": "Allow",
              "Resource": [
                {
                  "Fn::GetAtt": [
                    "EcoSquadTable6400F9FA",
                    "Arn",
                  ],
                },
                {
                  "Fn::Join": [
                    "",
                    [
                      {
                        "Fn::GetAtt": [
                          "EcoSquadTable6400F9FA",
                          "Arn",
                        ],
                      },
                      "/index/*",
                    ],
                  ],
                },
              ],
            },
            {
              "Action": [
                "dynamodb:GetRecords",
                "dynamodb:GetShardIterator",
              ],
              "Effect": "Allow",
              "Resource": [
                {
                  "Fn::GetAtt": [
                    "EcoSquadTable6400F9FA",
                    "Arn",
                  ],
                },
                {
                  "Fn::Join": [
                    "",
                    [
                      {
                        "Fn::GetAtt": [
                          "EcoSquadTable6400F9FA",
                          "Arn",
                        ],
                      },
                      "/index/*",
                    ],
                  ],
                },
              ],
            },
            {
              "Action": [
                "s3:GetObject*",
                "s3:GetBucket*",
                "s3:List*",
              ],
              "Effect": "Allow",
              "Resource": [
                {
                  "Fn::GetAtt": [
                    "EvidenceBucketFBA44255",
                    "Arn",
                  ],
                },
                {
                  "Fn::Join": [
                    "",
                    [
                      {
                        "Fn::GetAtt": [
                          "EvidenceBucketFBA44255",
                          "Arn",
                        ],
                      },
                      "/*",
                    ],
                  ],
                },
              ],
            },
            {
              "Action": [
                "rekognition:DetectLabels",
                "rekognition:DetectModerationLabels",
              ],
              "Condition": {
                "StringEquals": {
                  "aws:RequestedRegion": "eu-west-1",
                },
              },
              "Effect": "Allow",
              "Resource": "*",
            },
            {
              "Action": [
                "logs:CreateLogStream",
                "logs:PutLogEvents",
              ],
              "Effect": "Allow",
              "Resource": {
                "Fn::GetAtt": [
                  "VerificationLambdaLogs6939959E",
                  "Arn",
                ],
              },
            },
          ],
          "Version": "2012-10-17",
        },
        "PolicyName": "VerificationLambdaServiceRoleDefaultPolicy75CCA45E",
        "Roles": [
          {
            "Ref": "VerificationLambdaServiceRole17A50F68",
          },
        ],
      },
      "Type": "AWS::IAM::Policy",
    },
    "VolunteersGroup": {
      "Properties": {
        "Description": "Volunteer users who complete missions",
        "GroupName": "Volunteers",
        "Precedence": 3,
        "UserPoolId": {
          "Ref": "EcoSquadUserPoolFE364FE6",
        },
      },
      "Type": "AWS::Cognito::UserPoolGroup",
    },
  },
  "Rules": {
    "CheckBootstrapVersion": {
      "Assertions": [
        {
          "Assert": {
            "Fn::Not": [
              {
                "Fn::Contains": [
                  [
                    "1",
                    "2",
                    "3",
                    "4",
                    "5",
                  ],
                  {
                    "Ref": "BootstrapVersion",
                  },
                ],
              },
            ],
          },
          "AssertDescription": "CDK bootstrap stack version 6 required. Please run 'cdk bootstrap' with a recent version of the CDK CLI.",
        },
      ],
    },
  },
}
`;
